This file contains any messages produced by compilers while
running configure, to aid debugging if configure makes a mistake.

It was created by univalue configure 1.0.2, which was
generated by GNU Autoconf 2.71.  Invocation command line was

  $ ./configure --disable-option-checking --prefix=/usr/local LDFLAGS=-L/usr/local/lib CPPFLAGS=-I/usr/local/include --disable-shared --with-pic --with-bignum=no --enable-module-recovery --disable-jni --cache-file=/dev/null --srcdir=.

## --------- ##
## Platform. ##
## --------- ##

hostname = DESKTOP-KHJ7B80
uname -m = x86_64
uname -r = 6.18.33.2-microsoft-standard-WSL2
uname -s = Linux
uname -v = #1 SMP PREEMPT_DYNAMIC Thu Jun 18 21:54:43 UTC 2026

/usr/bin/uname -p = x86_64
/bin/uname -X     = unknown

/bin/arch              = x86_64
/usr/bin/arch -k       = unknown
/usr/convex/getsysinfo = unknown
/usr/bin/hostinfo      = unknown
/bin/machine           = unknown
/usr/bin/oslevel       = unknown
/bin/universe          = unknown

PATH: /usr/local/sbin/
PATH: /usr/local/bin/
PATH: /usr/sbin/
PATH: /usr/bin/
PATH: /sbin/
PATH: /bin/
PATH: /usr/games/
PATH: /usr/local/games/
PATH: /snap/bin/


## ----------- ##
## Core tests. ##
## ----------- ##

configure:2713: looking for aux files: compile config.guess config.sub ltmain.sh missing install-sh
configure:2726:  trying ./build-aux/
configure:2755:   ./build-aux/compile found
configure:2755:   ./build-aux/config.guess found
configure:2755:   ./build-aux/config.sub found
configure:2755:   ./build-aux/ltmain.sh found
configure:2755:   ./build-aux/missing found
configure:2737:   ./build-aux/install-sh found
configure:2879: checking whether make supports nested variables
configure:2897: result: yes
configure:2933: checking for a BSD-compatible install
configure:3006: result: /usr/bin/install -c
configure:3017: checking whether build environment is sane
configure:3072: result: yes
configure:3231: checking for a race-free mkdir -p
configure:3275: result: /usr/bin/mkdir -p
configure:3282: checking for gawk
configure:3317: result: no
configure:3282: checking for mawk
configure:3303: found /usr/bin/mawk
configure:3314: result: mawk
configure:3325: checking whether make sets $(MAKE)
configure:3348: result: yes
configure:3539: checking build system type
configure:3554: result: x86_64-pc-linux-gnu
configure:3574: checking host system type
configure:3588: result: x86_64-pc-linux-gnu
configure:3629: checking how to print strings
configure:3656: result: printf
configure:3690: checking whether make supports the include directive
configure:3705: make -f confmf.GNU && cat confinc.out
this is the am__doit target
configure:3708: $? = 0
configure:3727: result: yes (GNU style)
configure:3803: checking for gcc
configure:3824: found /usr/bin/gcc
configure:3835: result: gcc
configure:4188: checking for C compiler version
configure:4197: gcc --version >&5
gcc (Ubuntu 11.4.0-1ubuntu1~22.04.3) 11.4.0
Copyright (C) 2021 Free Software Foundation, Inc.
This is free software; see the source for copying conditions.  There is NO
warranty; not even for MERCHANTABILITY or FITNESS FOR A PARTICULAR PURPOSE.

configure:4208: $? = 0
configure:4197: gcc -v >&5
Using built-in specs.
COLLECT_GCC=gcc
COLLECT_LTO_WRAPPER=/usr/lib/gcc/x86_64-linux-gnu/11/lto-wrapper
OFFLOAD_TARGET_NAMES=nvptx-none:amdgcn-amdhsa
OFFLOAD_TARGET_DEFAULT=1
Target: x86_64-linux-gnu
Configured with: ../src/configure -v --with-pkgversion='Ubuntu 11.4.0-1ubuntu1~22.04.3' --with-bugurl=file:///usr/share/doc/gcc-11/README.Bugs --enable-languages=c,ada,c++,go,brig,d,fortran,objc,obj-c++,m2 --prefix=/usr --with-gcc-major-version-only --program-suffix=-11 --program-prefix=x86_64-linux-gnu- --enable-shared --enable-linker-build-id --libexecdir=/usr/lib --without-included-gettext --enable-threads=posix --libdir=/usr/lib --enable-nls --enable-bootstrap --enable-clocale=gnu --enable-libstdcxx-debug --enable-libstdcxx-time=yes --with-default-libstdcxx-abi=new --enable-gnu-unique-object --disable-vtable-verify --enable-plugin --enable-default-pie --with-system-zlib --enable-libphobos-checking=release --with-target-system-zlib=auto --enable-objc-gc=auto --enable-multiarch --disable-werror --enable-cet --with-arch-32=i686 --with-abi=m64 --with-multilib-list=m32,m64,mx32 --enable-multilib --with-tune=generic --enable-offload-targets=nvptx-none=/build/gcc-11-0odw26/gcc-11-11.4.0/debian/tmp-nvptx/usr,amdgcn-amdhsa=/build/gcc-11-0odw26/gcc-11-11.4.0/debian/tmp-gcn/usr --without-cuda-driver --enable-checking=release --build=x86_64-linux-gnu --host=x86_64-linux-gnu --target=x86_64-linux-gnu --with-build-config=bootstrap-lto-lean --enable-link-serialization=2
Thread model: posix
Supported LTO compression algorithms: zlib zstd
gcc version 11.4.0 (Ubuntu 11.4.0-1ubuntu1~22.04.3) 
... rest of stderr output deleted ...
configure:4208: $? = 0
configure:4197: gcc -V >&5
gcc: error: unrecognized command-line option '-V'
gcc: fatal error: no input files
compilation terminated.
configure:4208: $? = 1
configure:4197: gcc -qversion >&5
gcc: error: unrecognized command-line option '-qversion'; did you mean '--version'?
gcc: fatal error: no input files
compilation terminated.
configure:4208: $? = 1
configure:4197: gcc -version >&5
gcc: error: unrecognized command-line option '-version'
gcc: fatal error: no input files
compilation terminated.
configure:4208: $? = 1
configure:4228: checking whether the C compiler works
configure:4250: gcc  -I/usr/local/include -L/usr/local/lib conftest.c  >&5
configure:4254: $? = 0
configure:4304: result: yes
configure:4307: checking for C compiler default output file name
configure:4309: result: a.out
configure:4315: checking for suffix of executables
configure:4322: gcc -o conftest  -I/usr/local/include -L/usr/local/lib conftest.c  >&5
configure:4326: $? = 0
configure:4349: result: 
configure:4371: checking whether we are cross compiling
configure:4379: gcc -o conftest  -I/usr/local/include -L/usr/local/lib conftest.c  >&5
configure:4383: $? = 0
configure:4390: ./conftest
configure:4394: $? = 0
configure:4409: result: no
configure:4414: checking for suffix of object files
configure:4437: gcc -c  -I/usr/local/include conftest.c >&5
configure:4441: $? = 0
configure:4463: result: o
configure:4467: checking whether the compiler supports GNU C
configure:4487: gcc -c  -I/usr/local/include conftest.c >&5
configure:4487: $? = 0
configure:4497: result: yes
configure:4508: checking whether gcc accepts -g
configure:4529: gcc -c -g -I/usr/local/include conftest.c >&5
configure:4529: $? = 0
configure:4573: result: yes
configure:4593: checking for gcc option to enable C11 features
configure:4608: gcc  -c -g -O2 -I/usr/local/include conftest.c >&5
configure:4608: $? = 0
configure:4626: result: none needed
configure:4742: checking whether gcc understands -c and -o together
configure:4765: gcc -c conftest.c -o conftest2.o
configure:4768: $? = 0
configure:4765: gcc -c conftest.c -o conftest2.o
configure:4768: $? = 0
configure:4780: result: yes
configure:4799: checking dependency style of gcc
configure:4911: result: gcc3
configure:4926: checking for a sed that does not truncate output
configure:4996: result: /usr/bin/sed
configure:5014: checking for grep that handles long lines and -e
configure:5078: result: /usr/bin/grep
configure:5083: checking for egrep
configure:5151: result: /usr/bin/grep -E
configure:5156: checking for fgrep
configure:5224: result: /usr/bin/grep -F
configure:5260: checking for ld used by gcc
configure:5328: result: /usr/bin/ld
configure:5335: checking if the linker (/usr/bin/ld) is GNU ld
configure:5351: result: yes
configure:5363: checking for BSD- or MS-compatible name lister (nm)
configure:5418: result: /usr/bin/nm -B
configure:5558: checking the name lister (/usr/bin/nm -B) interface
configure:5566: gcc -c -g -O2 -I/usr/local/include conftest.c >&5
configure:5569: /usr/bin/nm -B "conftest.o"
configure:5572: output
0000000000000000 B some_variable
configure:5579: result: BSD nm
configure:5582: checking whether ln -s works
configure:5586: result: yes
configure:5594: checking the maximum length of command line arguments
configure:5726: result: 1572864
configure:5774: checking how to convert x86_64-pc-linux-gnu file names to x86_64-pc-linux-gnu format
configure:5815: result: func_convert_file_noop
configure:5822: checking how to convert x86_64-pc-linux-gnu file names to toolchain format
configure:5843: result: func_convert_file_noop
configure:5850: checking for /usr/bin/ld option to reload object files
configure:5858: result: -r
configure:5937: checking for objdump
configure:5958: found /usr/bin/objdump
configure:5969: result: objdump
configure:6001: checking how to recognize dependent libraries
configure:6202: result: pass_all
configure:6292: checking for dlltool
configure:6327: result: no
configure:6357: checking how to associate runtime and link libraries
configure:6385: result: printf %s\n
configure:6451: checking for ar
configure:6472: found /usr/bin/ar
configure:6483: result: ar
configure:6520: checking for archiver @FILE support
configure:6538: gcc -c -g -O2 -I/usr/local/include conftest.c >&5
configure:6538: $? = 0
configure:6542: ar cr libconftest.a @conftest.lst >&5
configure:6545: $? = 0
configure:6550: ar cr libconftest.a @conftest.lst >&5
ar: conftest.o: No such file or directory
configure:6553: $? = 1
configure:6565: result: @
configure:6628: checking for strip
configure:6649: found /usr/bin/strip
configure:6660: result: strip
configure:6737: checking for ranlib
configure:6758: found /usr/bin/ranlib
configure:6769: result: ranlib
configure:6871: checking command to parse /usr/bin/nm -B output from gcc object
configure:7025: gcc -c -g -O2 -I/usr/local/include conftest.c >&5
configure:7028: $? = 0
configure:7032: /usr/bin/nm -B conftest.o | sed -n -e 's/^.*[	 ]\([ABCDGIRSTW][ABCDGIRSTW]*\)[	 ][	 ]*\([_A-Za-z][_A-Za-z0-9]*\)$/\1 \2 \2/p' | sed '/ __gnu_lto/d' > conftest.nm
configure:7098: gcc -o conftest -g -O2 -I/usr/local/include -L/usr/local/lib conftest.c conftstm.o >&5
configure:7101: $? = 0
configure:7139: result: ok
configure:7186: checking for sysroot
configure:7217: result: no
configure:7224: checking for a working dd
configure:7268: result: /usr/bin/dd
configure:7272: checking how to truncate binary pipes
configure:7288: result: /usr/bin/dd bs=4096 count=1
configure:7425: gcc -c -g -O2 -I/usr/local/include conftest.c >&5
configure:7428: $? = 0
configure:7625: checking for mt
configure:7660: result: no
configure:7680: checking if : is a manifest tool
configure:7687: : '-?'
configure:7695: result: no
configure:8425: checking for stdio.h
configure:8425: gcc -c -g -O2 -I/usr/local/include conftest.c >&5
configure:8425: $? = 0
configure:8425: result: yes
configure:8425: checking for stdlib.h
configure:8425: gcc -c -g -O2 -I/usr/local/include conftest.c >&5
configure:8425: $? = 0
configure:8425: result: yes
configure:8425: checking for string.h
configure:8425: gcc -c -g -O2 -I/usr/local/include conftest.c >&5
configure:8425: $? = 0
configure:8425: result: yes
configure:8425: checking for inttypes.h
configure:8425: gcc -c -g -O2 -I/usr/local/include conftest.c >&5
configure:8425: $? = 0
configure:8425: result: yes
configure:8425: checking for stdint.h
configure:8425: gcc -c -g -O2 -I/usr/local/include conftest.c >&5
configure:8425: $? = 0
configure:8425: result: yes
configure:8425: checking for strings.h
configure:8425: gcc -c -g -O2 -I/usr/local/include conftest.c >&5
configure:8425: $? = 0
configure:8425: result: yes
configure:8425: checking for sys/stat.h
configure:8425: gcc -c -g -O2 -I/usr/local/include conftest.c >&5
configure:8425: $? = 0
configure:8425: result: yes
configure:8425: checking for sys/types.h
configure:8425: gcc -c -g -O2 -I/usr/local/include conftest.c >&5
configure:8425: $? = 0
configure:8425: result: yes
configure:8425: checking for unistd.h
configure:8425: gcc -c -g -O2 -I/usr/local/include conftest.c >&5
configure:8425: $? = 0
configure:8425: result: yes
configure:8450: checking for dlfcn.h
configure:8450: gcc -c -g -O2 -I/usr/local/include conftest.c >&5
configure:8450: $? = 0
configure:8450: result: yes
configure:8709: checking for objdir
configure:8725: result: .libs
configure:8989: checking if gcc supports -fno-rtti -fno-exceptions
configure:9008: gcc -c -g -O2 -I/usr/local/include -fno-rtti -fno-exceptions conftest.c >&5
cc1: warning: command-line option '-fno-rtti' is valid for C++/D/ObjC++ but not for C
configure:9012: $? = 0
configure:9025: result: no
configure:9389: checking for gcc option to produce PIC
configure:9397: result: -fPIC -DPIC
configure:9405: checking if gcc PIC flag -fPIC -DPIC works
configure:9424: gcc -c -g -O2 -I/usr/local/include -fPIC -DPIC -DPIC conftest.c >&5
configure:9428: $? = 0
configure:9441: result: yes
configure:9470: checking if gcc static flag -static works
configure:9499: result: yes
configure:9514: checking if gcc supports -c -o file.o
configure:9536: gcc -c -g -O2 -I/usr/local/include -o out/conftest2.o conftest.c >&5
configure:9540: $? = 0
configure:9562: result: yes
configure:9570: checking if gcc supports -c -o file.o
configure:9618: result: yes
configure:9651: checking whether the gcc linker (/usr/bin/ld -m elf_x86_64) supports shared libraries
configure:10921: result: yes
configure:11162: checking dynamic linker characteristics
configure:11744: gcc -o conftest -g -O2 -I/usr/local/include -L/usr/local/lib -Wl,-rpath -Wl,/foo conftest.c  >&5
configure:11744: $? = 0
configure:11995: result: GNU/Linux ld.so
configure:12117: checking how to hardcode library paths into programs
configure:12142: result: immediate
configure:12694: checking whether stripping libraries is possible
configure:12699: result: yes
configure:12734: checking if libtool supports shared libraries
configure:12736: result: yes
configure:12739: checking whether to build shared libraries
configure:12764: result: no
configure:12767: checking whether to build static libraries
configure:12771: result: yes
configure:12877: checking for g++
configure:12898: found /usr/bin/g++
configure:12909: result: g++
configure:12936: checking for C++ compiler version
configure:12945: g++ --version >&5
g++ (Ubuntu 11.4.0-1ubuntu1~22.04.3) 11.4.0
Copyright (C) 2021 Free Software Foundation, Inc.
This is free software; see the source for copying conditions.  There is NO
warranty; not even for MERCHANTABILITY or FITNESS FOR A PARTICULAR PURPOSE.

configure:12956: $? = 0
configure:12945: g++ -v >&5
Using built-in specs.
COLLECT_GCC=g++
COLLECT_LTO_WRAPPER=/usr/lib/gcc/x86_64-linux-gnu/11/lto-wrapper
OFFLOAD_TARGET_NAMES=nvptx-none:amdgcn-amdhsa
OFFLOAD_TARGET_DEFAULT=1
Target: x86_64-linux-gnu
Configured with: ../src/configure -v --with-pkgversion='Ubuntu 11.4.0-1ubuntu1~22.04.3' --with-bugurl=file:///usr/share/doc/gcc-11/README.Bugs --enable-languages=c,ada,c++,go,brig,d,fortran,objc,obj-c++,m2 --prefix=/usr --with-gcc-major-version-only --program-suffix=-11 --program-prefix=x86_64-linux-gnu- --enable-shared --enable-linker-build-id --libexecdir=/usr/lib --without-included-gettext --enable-threads=posix --libdir=/usr/lib --enable-nls --enable-bootstrap --enable-clocale=gnu --enable-libstdcxx-debug --enable-libstdcxx-time=yes --with-default-libstdcxx-abi=new --enable-gnu-unique-object --disable-vtable-verify --enable-plugin --enable-default-pie --with-system-zlib --enable-libphobos-checking=release --with-target-system-zlib=auto --enable-objc-gc=auto --enable-multiarch --disable-werror --enable-cet --with-arch-32=i686 --with-abi=m64 --with-multilib-list=m32,m64,mx32 --enable-multilib --with-tune=generic --enable-offload-targets=nvptx-none=/build/gcc-11-0odw26/gcc-11-11.4.0/debian/tmp-nvptx/usr,amdgcn-amdhsa=/build/gcc-11-0odw26/gcc-11-11.4.0/debian/tmp-gcn/usr --without-cuda-driver --enable-checking=release --build=x86_64-linux-gnu --host=x86_64-linux-gnu --target=x86_64-linux-gnu --with-build-config=bootstrap-lto-lean --enable-link-serialization=2
Thread model: posix
Supported LTO compression algorithms: zlib zstd
gcc version 11.4.0 (Ubuntu 11.4.0-1ubuntu1~22.04.3) 
... rest of stderr output deleted ...
configure:12956: $? = 0
configure:12945: g++ -V >&5
g++: error: unrecognized command-line option '-V'
g++: fatal error: no input files
compilation terminated.
configure:12956: $? = 1
configure:12945: g++ -qversion >&5
g++: error: unrecognized command-line option '-qversion'; did you mean '--version'?
g++: fatal error: no input files
compilation terminated.
configure:12956: $? = 1
configure:12960: checking whether the compiler supports GNU C++
configure:12980: g++ -c  -I/usr/local/include conftest.cpp >&5
configure:12980: $? = 0
configure:12990: result: yes
configure:13001: checking whether g++ accepts -g
configure:13022: g++ -c -g -I/usr/local/include conftest.cpp >&5
configure:13022: $? = 0
configure:13066: result: yes
configure:13086: checking for g++ option to enable C++11 features
configure:13101: g++  -c -g -O2 -I/usr/local/include conftest.cpp >&5
conftest.cpp: In function 'int main(int, char**)':
conftest.cpp:189:25: warning: empty parentheses were disambiguated as a function declaration [-Wvexing-parse]
  189 |   cxx11test::delegate d2();
      |                         ^~
conftest.cpp:189:25: note: remove parentheses to default-initialize a variable
  189 |   cxx11test::delegate d2();
      |                         ^~
      |                         --
conftest.cpp:189:25: note: or replace parentheses with braces to value-initialize a variable
configure:13101: $? = 0
configure:13119: result: none needed
configure:13185: checking dependency style of g++
configure:13297: result: gcc3
configure:13331: checking how to run the C++ preprocessor
configure:13353: g++ -E -I/usr/local/include conftest.cpp
configure:13353: $? = 0
configure:13368: g++ -E -I/usr/local/include conftest.cpp
conftest.cpp:23:10: fatal error: ac_nonexistent.h: No such file or directory
   23 | #include <ac_nonexistent.h>
      |          ^~~~~~~~~~~~~~~~~~
compilation terminated.
configure:13368: $? = 1
configure: failed program was:
| /* confdefs.h */
| #define PACKAGE_NAME "univalue"
| #define PACKAGE_TARNAME "univalue"
| #define PACKAGE_VERSION "1.0.2"
| #define PACKAGE_STRING "univalue 1.0.2"
| #define PACKAGE_BUGREPORT "http://github.com/jgarzik/univalue/"
| #define PACKAGE_URL ""
| #define PACKAGE "univalue"
| #define VERSION "1.0.2"
| #define HAVE_STDIO_H 1
| #define HAVE_STDLIB_H 1
| #define HAVE_STRING_H 1
| #define HAVE_INTTYPES_H 1
| #define HAVE_STDINT_H 1
| #define HAVE_STRINGS_H 1
| #define HAVE_SYS_STAT_H 1
| #define HAVE_SYS_TYPES_H 1
| #define HAVE_UNISTD_H 1
| #define STDC_HEADERS 1
| #define HAVE_DLFCN_H 1
| #define LT_OBJDIR ".libs/"
| /* end confdefs.h.  */
| #include <ac_nonexistent.h>
configure:13395: result: g++ -E
configure:13409: g++ -E -I/usr/local/include conftest.cpp
configure:13409: $? = 0
configure:13424: g++ -E -I/usr/local/include conftest.cpp
conftest.cpp:23:10: fatal error: ac_nonexistent.h: No such file or directory
   23 | #include <ac_nonexistent.h>
      |          ^~~~~~~~~~~~~~~~~~
compilation terminated.
configure:13424: $? = 1
configure: failed program was:
| /* confdefs.h */
| #define PACKAGE_NAME "univalue"
| #define PACKAGE_TARNAME "univalue"
| #define PACKAGE_VERSION "1.0.2"
| #define PACKAGE_STRING "univalue 1.0.2"
| #define PACKAGE_BUGREPORT "http://github.com/jgarzik/univalue/"
| #define PACKAGE_URL ""
| #define PACKAGE "univalue"
| #define VERSION "1.0.2"
| #define HAVE_STDIO_H 1
| #define HAVE_STDLIB_H 1
| #define HAVE_STRING_H 1
| #define HAVE_INTTYPES_H 1
| #define HAVE_STDINT_H 1
| #define HAVE_STRINGS_H 1
| #define HAVE_SYS_STAT_H 1
| #define HAVE_SYS_TYPES_H 1
| #define HAVE_UNISTD_H 1
| #define STDC_HEADERS 1
| #define HAVE_DLFCN_H 1
| #define LT_OBJDIR ".libs/"
| /* end confdefs.h.  */
| #include <ac_nonexistent.h>
configure:13589: checking for ld used by g++
configure:13657: result: /usr/bin/ld -m elf_x86_64
configure:13664: checking if the linker (/usr/bin/ld -m elf_x86_64) is GNU ld
configure:13680: result: yes
configure:13735: checking whether the g++ linker (/usr/bin/ld -m elf_x86_64) supports shared libraries
configure:14812: result: yes
configure:14848: g++ -c -g -O2 -I/usr/local/include conftest.cpp >&5
configure:14851: $? = 0
configure:15332: checking for g++ option to produce PIC
configure:15340: result: -fPIC -DPIC
configure:15348: checking if g++ PIC flag -fPIC -DPIC works
configure:15367: g++ -c -g -O2 -I/usr/local/include -fPIC -DPIC -DPIC conftest.cpp >&5
configure:15371: $? = 0
configure:15384: result: yes
configure:15407: checking if g++ static flag -static works
configure:15436: result: yes
configure:15448: checking if g++ supports -c -o file.o
configure:15470: g++ -c -g -O2 -I/usr/local/include -o out/conftest2.o conftest.cpp >&5
configure:15474: $? = 0
configure:15496: result: yes
configure:15501: checking if g++ supports -c -o file.o
configure:15549: result: yes
configure:15579: checking whether the g++ linker (/usr/bin/ld -m elf_x86_64) supports shared libraries
configure:15622: result: yes
configure:15764: checking dynamic linker characteristics
configure:16524: result: GNU/Linux ld.so
configure:16589: checking how to hardcode library paths into programs
configure:16614: result: immediate
configure:16774: checking that generated files are newer than configure
configure:16780: result: done
configure:16807: creating ./config.status

## ---------------------- ##
## Running config.status. ##
## ---------------------- ##

This file was extended by univalue config.status 1.0.2, which was
generated by GNU Autoconf 2.71.  Invocation command line was

  CONFIG_FILES    = 
  CONFIG_HEADERS  = 
  CONFIG_LINKS    = 
  CONFIG_COMMANDS = 
  $ ./config.status 

on DESKTOP-KHJ7B80

config.status:1149: creating Makefile
config.status:1149: creating pc/libunivalue.pc
config.status:1149: creating pc/libunivalue-uninstalled.pc
config.status:1149: creating univalue-config.h
config.status:1378: executing depfiles commands
config.status:1455: cd .       && sed -e '/# am--include-marker/d' Makefile         | make -f - am--depfiles
config.status:1460: $? = 0
config.status:1378: executing libtool commands

## ---------------- ##
## Cache variables. ##
## ---------------- ##

ac_cv_build=x86_64-pc-linux-gnu
ac_cv_c_compiler_gnu=yes
ac_cv_cxx_compiler_gnu=yes
ac_cv_env_CCC_set=
ac_cv_env_CCC_value=
ac_cv_env_CC_set=
ac_cv_env_CC_value=
ac_cv_env_CFLAGS_set=
ac_cv_env_CFLAGS_value=
ac_cv_env_CPPFLAGS_set=set
ac_cv_env_CPPFLAGS_value=-I/usr/local/include
ac_cv_env_CXXCPP_set=
ac_cv_env_CXXCPP_value=
ac_cv_env_CXXFLAGS_set=
ac_cv_env_CXXFLAGS_value=
ac_cv_env_CXX_set=
ac_cv_env_CXX_value=
ac_cv_env_LDFLAGS_set=set
ac_cv_env_LDFLAGS_value=-L/usr/local/lib
ac_cv_env_LIBS_set=
ac_cv_env_LIBS_value=
ac_cv_env_LT_SYS_LIBRARY_PATH_set=
ac_cv_env_LT_SYS_LIBRARY_PATH_value=
ac_cv_env_build_alias_set=
ac_cv_env_build_alias_value=
ac_cv_env_host_alias_set=
ac_cv_env_host_alias_value=
ac_cv_env_target_alias_set=
ac_cv_env_target_alias_value=
ac_cv_header_dlfcn_h=yes
ac_cv_header_inttypes_h=yes
ac_cv_header_stdint_h=yes
ac_cv_header_stdio_h=yes
ac_cv_header_stdlib_h=yes
ac_cv_header_string_h=yes
ac_cv_header_strings_h=yes
ac_cv_header_sys_stat_h=yes
ac_cv_header_sys_types_h=yes
ac_cv_header_unistd_h=yes
ac_cv_host=x86_64-pc-linux-gnu
ac_cv_objext=o
ac_cv_path_EGREP='/usr/bin/grep -E'
ac_cv_path_FGREP='/usr/bin/grep -F'
ac_cv_path_GREP=/usr/bin/grep
ac_cv_path_SED=/usr/bin/sed
ac_cv_path_install='/usr/bin/install -c'
ac_cv_path_lt_DD=/usr/bin/dd
ac_cv_path_mkdir=/usr/bin/mkdir
ac_cv_prog_AWK=mawk
ac_cv_prog_CXXCPP='g++ -E'
ac_cv_prog_ac_ct_AR=ar
ac_cv_prog_ac_ct_CC=gcc
ac_cv_prog_ac_ct_CXX=g++
ac_cv_prog_ac_ct_OBJDUMP=objdump
ac_cv_prog_ac_ct_RANLIB=ranlib
ac_cv_prog_ac_ct_STRIP=strip
ac_cv_prog_cc_c11=
ac_cv_prog_cc_g=yes
ac_cv_prog_cc_stdc=
ac_cv_prog_cxx_11=no
ac_cv_prog_cxx_cxx11=
ac_cv_prog_cxx_g=yes
ac_cv_prog_cxx_stdcxx=
ac_cv_prog_make_make_set=yes
am_cv_CC_dependencies_compiler_type=gcc3
am_cv_CXX_dependencies_compiler_type=gcc3
am_cv_make_support_nested_variables=yes
am_cv_prog_cc_c_o=yes
lt_cv_ar_at_file=@
lt_cv_deplibs_check_method=pass_all
lt_cv_file_magic_cmd='$MAGIC_CMD'
lt_cv_file_magic_test_file=
lt_cv_ld_reload_flag=-r
lt_cv_nm_interface='BSD nm'
lt_cv_objdir=.libs
lt_cv_path_LD=/usr/bin/ld
lt_cv_path_LDCXX='/usr/bin/ld -m elf_x86_64'
lt_cv_path_NM='/usr/bin/nm -B'
lt_cv_path_mainfest_tool=no
lt_cv_prog_compiler_c_o=yes
lt_cv_prog_compiler_c_o_CXX=yes
lt_cv_prog_compiler_pic='-fPIC -DPIC'
lt_cv_prog_compiler_pic_CXX='-fPIC -DPIC'
lt_cv_prog_compiler_pic_works=yes
lt_cv_prog_compiler_pic_works_CXX=yes
lt_cv_prog_compiler_rtti_exceptions=no
lt_cv_prog_compiler_static_works=yes
lt_cv_prog_compiler_static_works_CXX=yes
lt_cv_prog_gnu_ld=yes
lt_cv_prog_gnu_ldcxx=yes
lt_cv_sharedlib_from_linklib_cmd='printf %s\n'
lt_cv_shlibpath_overrides_runpath=yes
lt_cv_sys_global_symbol_pipe='sed -n -e '\''s/^.*[	 ]\([ABCDGIRSTW][ABCDGIRSTW]*\)[	 ][	 ]*\([_A-Za-z][_A-Za-z0-9]*\)$/\1 \2 \2/p'\'' | sed '\''/ __gnu_lto/d'\'''
lt_cv_sys_global_symbol_to_c_name_address='sed -n -e '\''s/^: \(.*\) .*$/  {"\1", (void *) 0},/p'\'' -e '\''s/^[ABCDGIRSTW][ABCDGIRSTW]* .* \(.*\)$/  {"\1", (void *) \&\1},/p'\'''
lt_cv_sys_global_symbol_to_c_name_address_lib_prefix='sed -n -e '\''s/^: \(.*\) .*$/  {"\1", (void *) 0},/p'\'' -e '\''s/^[ABCDGIRSTW][ABCDGIRSTW]* .* \(lib.*\)$/  {"\1", (void *) \&\1},/p'\'' -e '\''s/^[ABCDGIRSTW][ABCDGIRSTW]* .* \(.*\)$/  {"lib\1", (void *) \&\1},/p'\'''
lt_cv_sys_global_symbol_to_cdecl='sed -n -e '\''s/^T .* \(.*\)$/extern int \1();/p'\'' -e '\''s/^[ABCDGIRSTW][ABCDGIRSTW]* .* \(.*\)$/extern char \1;/p'\'''
lt_cv_sys_global_symbol_to_import=
lt_cv_sys_max_cmd_len=1572864
lt_cv_to_host_file_cmd=func_convert_file_noop
lt_cv_to_tool_file_cmd=func_convert_file_noop
lt_cv_truncate_bin='/usr/bin/dd bs=4096 count=1'

## ----------------- ##
## Output variables. ##
## ----------------- ##

ACLOCAL='${SHELL} '\''/root/coin-dev/src/univalue/build-aux/missing'\'' aclocal-1.16'
AMDEPBACKSLASH='\'
AMDEP_FALSE='#'
AMDEP_TRUE=''
AMTAR='$${TAR-tar}'
AM_BACKSLASH='\'
AM_DEFAULT_V='$(AM_DEFAULT_VERBOSITY)'
AM_DEFAULT_VERBOSITY='0'
AM_V='$(V)'
AR='ar'
AUTOCONF='${SHELL} '\''/root/coin-dev/src/univalue/build-aux/missing'\'' autoconf'
AUTOHEADER='${SHELL} '\''/root/coin-dev/src/univalue/build-aux/missing'\'' autoheader'
AUTOMAKE='${SHELL} '\''/root/coin-dev/src/univalue/build-aux/missing'\'' automake-1.16'
AWK='mawk'
BUILD_EXEEXT=''
CC='gcc'
CCDEPMODE='depmode=gcc3'
CFLAGS='-g -O2'
CPPFLAGS='-I/usr/local/include'
CSCOPE='cscope'
CTAGS='ctags'
CXX='g++'
CXXCPP='g++ -E'
CXXDEPMODE='depmode=gcc3'
CXXFLAGS='-g -O2'
CYGPATH_W='echo'
DEFS='-DHAVE_CONFIG_H'
DEPDIR='.deps'
DLLTOOL='false'
DSYMUTIL=''
DUMPBIN=''
ECHO_C=''
ECHO_N='-n'
ECHO_T=''
EGREP='/usr/bin/grep -E'
ETAGS='etags'
EXEEXT=''
FGREP='/usr/bin/grep -F'
GREP='/usr/bin/grep'
INSTALL_DATA='${INSTALL} -m 644'
INSTALL_PROGRAM='${INSTALL}'
INSTALL_SCRIPT='${INSTALL}'
INSTALL_STRIP_PROGRAM='$(install_sh) -c -s'
LD='/usr/bin/ld -m elf_x86_64'
LDFLAGS='-L/usr/local/lib'
LIBOBJS=''
LIBS=''
LIBTOOL='$(SHELL) $(top_builddir)/libtool'
LIBTOOL_APP_LDFLAGS=''
LIBUNIVALUE_AGE='100'
LIBUNIVALUE_CURRENT='100'
LIBUNIVALUE_REVISION='2'
LIPO=''
LN_S='ln -s'
LTLIBOBJS=''
LT_SYS_LIBRARY_PATH=''
MAKEINFO='${SHELL} '\''/root/coin-dev/src/univalue/build-aux/missing'\'' makeinfo'
MANIFEST_TOOL=':'
MKDIR_P='/usr/bin/mkdir -p'
NM='/usr/bin/nm -B'
NMEDIT=''
OBJDUMP='objdump'
OBJEXT='o'
OTOOL64=''
OTOOL=''
PACKAGE='univalue'
PACKAGE_BUGREPORT='http://github.com/jgarzik/univalue/'
PACKAGE_NAME='univalue'
PACKAGE_STRING='univalue 1.0.2'
PACKAGE_TARNAME='univalue'
PACKAGE_URL=''
PACKAGE_VERSION='1.0.2'
PATH_SEPARATOR=':'
RANLIB='ranlib'
SED='/usr/bin/sed'
SET_MAKE=''
SHELL='/bin/bash'
STRIP='strip'
VERSION='1.0.2'
ac_ct_AR='ar'
ac_ct_CC='gcc'
ac_ct_CXX='g++'
ac_ct_DUMPBIN=''
am__EXEEXT_FALSE=''
am__EXEEXT_TRUE='#'
am__fastdepCC_FALSE='#'
am__fastdepCC_TRUE=''
am__fastdepCXX_FALSE='#'
am__fastdepCXX_TRUE=''
am__include='include'
am__isrc=''
am__leading_dot='.'
am__nodep='_no'
am__quote=''
am__tar='$${TAR-tar} chof - "$$tardir"'
am__untar='$${TAR-tar} xf -'
bindir='${exec_prefix}/bin'
build='x86_64-pc-linux-gnu'
build_alias=''
build_cpu='x86_64'
build_os='linux-gnu'
build_vendor='pc'
datadir='${datarootdir}'
datarootdir='${prefix}/share'
docdir='${datarootdir}/doc/${PACKAGE_TARNAME}'
dvidir='${docdir}'
exec_prefix='${prefix}'
host='x86_64-pc-linux-gnu'
host_alias=''
host_cpu='x86_64'
host_os='linux-gnu'
host_vendor='pc'
htmldir='${docdir}'
includedir='${prefix}/include'
infodir='${datarootdir}/info'
install_sh='${SHELL} /root/coin-dev/src/univalue/build-aux/install-sh'
libdir='${exec_prefix}/lib'
libexecdir='${exec_prefix}/libexec'
localedir='${datarootdir}/locale'
localstatedir='${prefix}/var'
mandir='${datarootdir}/man'
mkdir_p='$(MKDIR_P)'
oldincludedir='/usr/include'
pdfdir='${docdir}'
prefix='/usr/local'
program_transform_name='s,x,x,'
psdir='${docdir}'
runstatedir='${localstatedir}/run'
sbindir='${exec_prefix}/sbin'
sharedstatedir='${prefix}/com'
sysconfdir='${prefix}/etc'
target_alias=''

## ----------- ##
## confdefs.h. ##
## ----------- ##

/* confdefs.h */
#define PACKAGE_NAME "univalue"
#define PACKAGE_TARNAME "univalue"
#define PACKAGE_VERSION "1.0.2"
#define PACKAGE_STRING "univalue 1.0.2"
#define PACKAGE_BUGREPORT "http://github.com/jgarzik/univalue/"
#define PACKAGE_URL ""
#define PACKAGE "univalue"
#define VERSION "1.0.2"
#define HAVE_STDIO_H 1
#define HAVE_STDLIB_H 1
#define HAVE_STRING_H 1
#define HAVE_INTTYPES_H 1
#define HAVE_STDINT_H 1
#define HAVE_STRINGS_H 1
#define HAVE_SYS_STAT_H 1
#define HAVE_SYS_TYPES_H 1
#define HAVE_UNISTD_H 1
#define STDC_HEADERS 1
#define HAVE_DLFCN_H 1
#define LT_OBJDIR ".libs/"

configure: exit 0
